----------------------------------------
--c-xxxxxxxxxxxxxxxxxxxxxxxxxxxxxxxx-a--
----------------------------------------
--c-xxxxxxxxxxxxxxxxxxxxxxxxxxxxxxxx-a--
----------------------------------------
--c-xxxxxxxxxxxxxxxxxxxxxxxxxxxxxxxx-a--
----------------------------------------
--c-xxxxxxxxxxxxxxxxxxxxxxxxxxxxxxxx-a--
----------------------------------------
--c-xxxxxxxxxxxxxxxxxxxxxxxxxxxxxxxx-a--
----------------------------------------
--c--c---c----c-xxxxxxxx-a----a---a--a--
----------------------------------------
----------------------------------------
----------------------------------------
----------------------------------------
----------------------------------------
----------------------------------------
----------------------------------------
----------------------------------------
----------------------------------------
----------------------------------------
----------------------------------------
----------------------------------------
----------------------------------------
----------------------------------------
----------------------------------------
----------------------------------------
----------------------------------------
----------------------------------------