---------------------------------------
---------------------------------------
-x-x-x-x-x-x-x-x-x-x-x-x-x-x-x-x-x-x-x-
---------------------------------------
-x----p------------x------------p----x-
-------------------x-------------------
-x----------------/-\----------------x-
-----------------/---\-----------------
-x----s-----a-----xbx-----c-----s----x-
-----------------\---/-----------------
-x----------------\-/----------------x-
-------------------x-------------------
-x----p-----<------x------>-----p----x-
---------------------------------------
-x-x-x-x-x-x-x-x-x-x-x-x-x-x-x-x-x-x-x-
---------------------------------------
-o----------------------------------o--
---------------------------------------
---------------------------------------
---------------------------------------
---------------------------------------
---------------------------------------
---------------------------------------
---------------------------------------
---------------------------------------
---------------------------------------
---------------------------------------
---------------------------------------
---------------------------------------
---------------------------------------
1000000000