---------------------------------------
---------------------------------------
--xxxxxx-----------------------xxxxxx--
--x----x-----------------------x----x--
--x----x-----------------------x----x--
--x----x-----------xx----------x----x--
--xxxxxx----------x--x---------xxxxxx--
------------------x--x-----------------
-----------------x----x----------------
-----------------x----x----------------
------------------xxxx-----------------
---------------------------------------
---x--------------------------------x--
---x--------------------------------x--
---x--------------------------------x--
---x--------------------------------x--
---xxxxxxxxxxxxxxxxxxxxxxxxxxxxxxxxxx--
---------------------------------------
---------------------------------------
---------------------------------------
-\-----------------------------------/-
--\---------------------------------/--
---\-------------------------------/---
----\-----------------------------/----
---------------------------------------
---------------------------------------
---------------------------------------
---------------------------------------
---------------------------------------
---------------------------------------