----------------------------------------
----------------------------------------
-x-x-x-x-x-x-x-x-x-xx-x-x-x-x-x-x-x-x-x-
----------------------------------------
-x------------------------------------x-
----------------------------------------
-x------------------------------------x-
----------------------------------------
-x----s-----a--------------c-----s----x-
----------------------------------------
-x------------------------------------x-
----------------------------------------
-x------------------------------------x-
----------------------------------------
-x-x-x-x-x-x-x-x-x-xx-x-x-x-x-x-x-x-x-x-
----------------------------------------
----------------------------------------
----------------------------------------
----------------------------------------
----------------------------------------
----------------------------------------
----------------------------------------
----------------------------------------
----------------------------------------
----------------------------------------
----------------------------------------
----------------------------------------
----------------------------------------
----------------------------------------
----------------------------------------
