
----------------------------------------
----x--x-----x--x---x------x------x-----
----x--x-----x--x---x------x------x-----
----xxxxx----x--x---x------xxxxx--x-----
----x---x----x--x---x------x---x--xxxxx-
-xxxx---x----xxxxx--x------x---x--x-----
--x-----xxxxxx---xxxxxx----x---x--x-----
--x-----x--x-----x----x----x---xxxxx----
--x-----x--x-----x----xxxxxx---x---x----
--x-----x--x-----x----x--x-----x---x----
--x-----xxxxx----x----x--xxxxxxx---x----
--xxxxxxx---x----x----x-----x------xxxx-
------x-----x----x----x-----xxxx---x----
------x-----xxxxxx----x-----x--x---x----
------x-----x--x------x-----x--xxxxx----
------x-----x--x------x-----x--x-x------
-xxxxxx-----x--xxxxxxxx-----xxxx-x------
-----x------xxxx-----xxxxxxxx----x------
-----x------x--------------------xxxxxx-
-----xxxxxxxx---------------------------
----------------------------------------
----------------------------------------
----------------------------------------
----------------------------------------
----------------------------------------
----------------------------------------
----------------------------------------
----------------------------------------
----------------------------------------
----------------------------------------