
----------------------------------------
-----------------xxxxxx-----------------
---------------xxxxxxxxxx---------------
--------------xxxxxxxxxxxx--------------
-------------/----xxxx----\-------------
------------/-----xxxx-----\------------
-----------/------xxxx------\-----------
-----------xxxxxxxxxxxxxxxxxx-----------
----------/-------xxxx-------\----------
---------/--------xxxx--------\---------
--------/---------xxxx---------\--------
--------xxxxxxxxxxxxxxxxxxxxxxxx--------
-------/----------xxxx----------\-------
------/-----------xxxx-----------\------
-----/------------xxxx------------\-----
-----xxxxxxxxxxxxxxxxxxxxxxxxxxxxxx-----
----/-------------xxxx-------------\----
---/--------------xxxx--------------\---
--/---------------xxxx---------------\--
------------------xxxx------------------
--xxxxxxxxxxxxxxxxxxxxxxxxxxxxxxxxxxxx--
------------------xxxx------------------
----------------xxxxxxxx----------------
-----------------xxxxxx-----------------
-----------------xxxxxx-----------------
----------------------------------------
----------------------------------------
----------------------------------------
----------------------------------------
----------------------------------------