---------------------------------------
-x-xxxxxxx---x-------x---------x---x---
-x-------x-x-x-xxxxx-x-xx-xxxxxx-xxx-x-
-xxxxx-x-x-x-x-----x-x--x-x------------
-----x-x-xxx-x-xxx-x-xx-x-x-xxxxx-xxxx-
--xxxx-x-----x-x---x-x--x-x-x---x------
--x----x-xx-xx-xxxxx-x-xxxx-x-x-xx-x-x-
--xx-x-x--x-------x--x------x-x----x---
---x-xxxx-xxx-xxx-x-xx-xxxx-x-xxxx-x-x-
--xx----x---x---x-x-x-----x------x-x-x-
--x--xx-xxx-x-x-x-x-xxxxx-xx-xxxxx-x-x-
--x---x-----x-x---x-------x--x-----x-x-
--xxx-x-xxxxx-xxxxxx-xxxxxx-xx-xxxxx-x-
------x-----x---------------x----------
-xxxxxxxxxxxxxxxxx-xxxxxxxxxxxxxxxxxxx-
---------------------------------------
---------------------------------------
---------------------------------------
---------------------------------------
---------------------------------------
---------------------------------------
---------------------------------------
---------------------------------------
---------------------------------------
---------------------------------------
---------------------------------------
---------------------------------------
---------------------------------------
---------------------------------------
---------------------------------------