---------------------------------------
-----xxxxxxxxxxxxxxxxxxxxxxxxxxxxx-----
---------------------------------------
-----x-x-x-x-----xx-xx-----x-x-x-x-----
----------------x--x--x----------------
-----x-s---------x---x---------s-x-----
------------------x-x------------------
-----x-x-x-x-------x-------x-x-x-x-----
---------------------------------------
-----xxxxxxxxxxxxxxxxxxxxxxxxxxxxx-----
---------------------------------------
---------------------------------------
---------------------------------------
---------------------------------------
---------------------------------------
---------------------------------------
---------------------------------------
---------------------------------------
---------------------------------------
---------------------------------------
---------------------------------------
---------------------------------------
---------------------------------------
---------------------------------------
---------------------------------------
---------------------------------------
---------------------------------------
---------------------------------------
---------------------------------------
---------------------------------------
