---------------------------------------
--c-xxxxxxxxxxxxxxxxxxxxxxxxxxxxxxx-a--
---------------------------------------
--c-xxxxxxxxxxxxxxxxxxxxxxxxxxxxxxx-a--
---------------------------------------
--c-xxxxxxxxxxxxxxxxxxxxxxxxxxxxxxx-a--
---------------------------------------
--c-xxxxxxxxxxxxxxxxxxxxxxxxxxxxxxx-a--
---------------------------------------
--c-xxxxxxxxxxxxxxxxxxxxxxxxxxxxxxx-a--
---------------------------------------
--c--c---c----c-xxxxxxx-a----a---a--a--
---------------------------------------
---------------------------------------
---------------------------------------
---------------------------------------
---------------------------------------
---------------------------------------
---------------------------------------
---------------------------------------
---------------------------------------
---------------------------------------
---------------------------------------
---------------------------------------
---------------------------------------
---------------------------------------
---------------------------------------
---------------------------------------
---------------------------------------
---------------------------------------